// Jest Snapshot v1, https://goo.gl/fbAQLP

exports[`submitTestHandler known character range estimate 1`] = `
Object {
  "knownEstimate": 1000,
  "knownEstimateUncertainty": 100,
}
`;
