// Jest Snapshot v1, https://goo.gl/fbAQLP

exports[`Results renders 1`] = `
<div
  className="container"
>
  <div
    className="ResultsDisplay"
  />
  <div
    className="ResultsChart"
  />
  <div
    className="actionContainer"
  >
    <button
      className="button action"
    >
      results.reviewMissedCharacters
    </button>
    <button
      className="button accent action"
      onClick={[Function]}
    >
      results.startAgain
    </button>
    <div
      className="action feedbackBar"
    >
      <div>
        results.feedbackPreface
      </div>
      <a
        href="https://docs.google.com/forms/d/e/1FAIpQLSe74g0vXWUuVsQ9uqYGQhLFADOeqiUHfyyjBqT4AfdY4VOYxg/viewform?usp=pp_url&entry.1889314490=undefined"
        rel="noopener"
        target="_blank"
      >
        results.feedbackLinkText
      </a>
    </div>
  </div>
</div>
`;
